Archive member included to satisfy reference by file (symbol)

d:/gcc-arm-none-eabi/gcc-arm-none-eabi-10.3-2021.10/bin/../lib/gcc/arm-none-eabi/10.3.1/thumb/v7e-m/nofp\libgcc.a(_aeabi_uldivmod.o)
                              CMakeFiles/can-test.elf.dir/Drivers/STM32F4xx_HAL_Driver/Src/stm32f4xx_hal_rcc.c.obj (__aeabi_uldivmod)
d:/gcc-arm-none-eabi/gcc-arm-none-eabi-10.3-2021.10/bin/../lib/gcc/arm-none-eabi/10.3.1/thumb/v7e-m/nofp\libgcc.a(_udivmoddi4.o)
                              d:/gcc-arm-none-eabi/gcc-arm-none-eabi-10.3-2021.10/bin/../lib/gcc/arm-none-eabi/10.3.1/thumb/v7e-m/nofp\libgcc.a(_aeabi_uldivmod.o) (__udivmoddi4)
d:/gcc-arm-none-eabi/gcc-arm-none-eabi-10.3-2021.10/bin/../lib/gcc/arm-none-eabi/10.3.1/thumb/v7e-m/nofp\libgcc.a(_dvmd_tls.o)
                              d:/gcc-arm-none-eabi/gcc-arm-none-eabi-10.3-2021.10/bin/../lib/gcc/arm-none-eabi/10.3.1/thumb/v7e-m/nofp\libgcc.a(_aeabi_uldivmod.o) (__aeabi_ldiv0)
d:/gcc-arm-none-eabi/gcc-arm-none-eabi-10.3-2021.10/bin/../lib/gcc/arm-none-eabi/10.3.1/../../../../arm-none-eabi/lib/thumb/v7e-m/nofp\libg.a(lib_a-errno.o)
                              CMakeFiles/can-test.elf.dir/Core/Src/syscalls.c.obj (__errno)
d:/gcc-arm-none-eabi/gcc-arm-none-eabi-10.3-2021.10/bin/../lib/gcc/arm-none-eabi/10.3.1/../../../../arm-none-eabi/lib/thumb/v7e-m/nofp\libg.a(lib_a-exit.o)
                              d:/gcc-arm-none-eabi/gcc-arm-none-eabi-10.3-2021.10/bin/../lib/gcc/arm-none-eabi/10.3.1/../../../../arm-none-eabi/lib/thumb/v7e-m/nofp/crt0.o (exit)
d:/gcc-arm-none-eabi/gcc-arm-none-eabi-10.3-2021.10/bin/../lib/gcc/arm-none-eabi/10.3.1/../../../../arm-none-eabi/lib/thumb/v7e-m/nofp\libg.a(lib_a-impure.o)
                              d:/gcc-arm-none-eabi/gcc-arm-none-eabi-10.3-2021.10/bin/../lib/gcc/arm-none-eabi/10.3.1/../../../../arm-none-eabi/lib/thumb/v7e-m/nofp\libg.a(lib_a-exit.o) (_global_impure_ptr)
d:/gcc-arm-none-eabi/gcc-arm-none-eabi-10.3-2021.10/bin/../lib/gcc/arm-none-eabi/10.3.1/../../../../arm-none-eabi/lib/thumb/v7e-m/nofp\libg.a(lib_a-init.o)
                              d:/gcc-arm-none-eabi/gcc-arm-none-eabi-10.3-2021.10/bin/../lib/gcc/arm-none-eabi/10.3.1/../../../../arm-none-eabi/lib/thumb/v7e-m/nofp/crt0.o (__libc_init_array)
d:/gcc-arm-none-eabi/gcc-arm-none-eabi-10.3-2021.10/bin/../lib/gcc/arm-none-eabi/10.3.1/../../../../arm-none-eabi/lib/thumb/v7e-m/nofp\libg.a(lib_a-memset.o)
                              d:/gcc-arm-none-eabi/gcc-arm-none-eabi-10.3-2021.10/bin/../lib/gcc/arm-none-eabi/10.3.1/../../../../arm-none-eabi/lib/thumb/v7e-m/nofp/crt0.o (memset)
d:/gcc-arm-none-eabi/gcc-arm-none-eabi-10.3-2021.10/bin/../lib/gcc/arm-none-eabi/10.3.1/../../../../arm-none-eabi/lib/thumb/v7e-m/nofp\libg.a(lib_a-__call_atexit.o)
                              d:/gcc-arm-none-eabi/gcc-arm-none-eabi-10.3-2021.10/bin/../lib/gcc/arm-none-eabi/10.3.1/../../../../arm-none-eabi/lib/thumb/v7e-m/nofp\libg.a(lib_a-exit.o) (__call_exitprocs)
d:/gcc-arm-none-eabi/gcc-arm-none-eabi-10.3-2021.10/bin/../lib/gcc/arm-none-eabi/10.3.1/../../../../arm-none-eabi/lib/thumb/v7e-m/nofp\libg.a(lib_a-atexit.o)
                              d:/gcc-arm-none-eabi/gcc-arm-none-eabi-10.3-2021.10/bin/../lib/gcc/arm-none-eabi/10.3.1/../../../../arm-none-eabi/lib/thumb/v7e-m/nofp\libg.a(lib_a-__call_atexit.o) (atexit)
d:/gcc-arm-none-eabi/gcc-arm-none-eabi-10.3-2021.10/bin/../lib/gcc/arm-none-eabi/10.3.1/../../../../arm-none-eabi/lib/thumb/v7e-m/nofp\libg.a(lib_a-fini.o)
                              d:/gcc-arm-none-eabi/gcc-arm-none-eabi-10.3-2021.10/bin/../lib/gcc/arm-none-eabi/10.3.1/../../../../arm-none-eabi/lib/thumb/v7e-m/nofp\libg.a(lib_a-__call_atexit.o) (__libc_fini_array)
d:/gcc-arm-none-eabi/gcc-arm-none-eabi-10.3-2021.10/bin/../lib/gcc/arm-none-eabi/10.3.1/../../../../arm-none-eabi/lib/thumb/v7e-m/nofp\libg.a(lib_a-lock.o)
                              d:/gcc-arm-none-eabi/gcc-arm-none-eabi-10.3-2021.10/bin/../lib/gcc/arm-none-eabi/10.3.1/../../../../arm-none-eabi/lib/thumb/v7e-m/nofp\libg.a(lib_a-__call_atexit.o) (__retarget_lock_acquire_recursive)
d:/gcc-arm-none-eabi/gcc-arm-none-eabi-10.3-2021.10/bin/../lib/gcc/arm-none-eabi/10.3.1/../../../../arm-none-eabi/lib/thumb/v7e-m/nofp\libg.a(lib_a-__atexit.o)
                              d:/gcc-arm-none-eabi/gcc-arm-none-eabi-10.3-2021.10/bin/../lib/gcc/arm-none-eabi/10.3.1/../../../../arm-none-eabi/lib/thumb/v7e-m/nofp\libg.a(lib_a-atexit.o) (__register_exitproc)

Discarded input sections

 .text          0x00000000        0x0 d:/gcc-arm-none-eabi/gcc-arm-none-eabi-10.3-2021.10/bin/../lib/gcc/arm-none-eabi/10.3.1/thumb/v7e-m/nofp/crti.o
 .data          0x00000000        0x0 d:/gcc-arm-none-eabi/gcc-arm-none-eabi-10.3-2021.10/bin/../lib/gcc/arm-none-eabi/10.3.1/thumb/v7e-m/nofp/crti.o
 .bss           0x00000000        0x0 d:/gcc-arm-none-eabi/gcc-arm-none-eabi-10.3-2021.10/bin/../lib/gcc/arm-none-eabi/10.3.1/thumb/v7e-m/nofp/crti.o
[...]
Memory Configuration

Name             Origin             Length             Attributes
RAM              0x20000000         0x00020000         xrw
FLASH            0x08000000         0x00040000         xr
*default*        0x00000000         0xffffffff

Linker script and memory map

LOAD d:/gcc-arm-none-eabi/gcc-arm-none-eabi-10.3-2021.10/bin/../lib/gcc/arm-none-eabi/10.3.1/thumb/v7e-m/nofp/crti.o
LOAD d:/gcc-arm-none-eabi/gcc-arm-none-eabi-10.3-2021.10/bin/../lib/gcc/arm-none-eabi/10.3.1/thumb/v7e-m/nofp/crtbegin.o
LOAD d:/gcc-arm-none-eabi/gcc-arm-none-eabi-10.3-2021.10/bin/../lib/gcc/arm-none-eabi/10.3.1/../../../../arm-none-eabi/lib/thumb/v7e-m/nofp/crt0.o
LOAD CMakeFiles/can-test.elf.dir/Core/Src/main.c.obj
LOAD CMakeFiles/can-test.elf.dir/Core/Src/stm32f4xx_hal_msp.c.obj
LOAD CMakeFiles/can-test.elf.dir/Core/Src/stm32f4xx_it.c.obj
LOAD CMakeFiles/can-test.elf.dir/Core/Src/syscalls.c.obj
LOAD CMakeFiles/can-test.elf.dir/Core/Src/sysmem.c.obj
LOAD CMakeFiles/can-test.elf.dir/Core/Src/system_stm32f4xx.c.obj
LOAD CMakeFiles/can-test.elf.dir/Core/Startup/startup_stm32f446rctx.s.obj
LOAD CMakeFiles/can-test.elf.dir/Drivers/STM32F4xx_HAL_Driver/Src/stm32f4xx_hal.c.obj
LOAD CMakeFiles/can-test.elf.dir/Drivers/STM32F4xx_HAL_Driver/Src/stm32f4xx_hal_can.c.obj
LOAD CMakeFiles/can-test.elf.dir/Drivers/STM32F4xx_HAL_Driver/Src/stm32f4xx_hal_cortex.c.obj
LOAD CMakeFiles/can-test.elf.dir/Drivers/STM32F4xx_HAL_Driver/Src/stm32f4xx_hal_dma.c.obj
LOAD CMakeFiles/can-test.elf.dir/Drivers/STM32F4xx_HAL_Driver/Src/stm32f4xx_hal_dma_ex.c.obj
LOAD CMakeFiles/can-test.elf.dir/Drivers/STM32F4xx_HAL_Driver/Src/stm32f4xx_hal_exti.c.obj
LOAD CMakeFiles/can-test.elf.dir/Drivers/STM32F4xx_HAL_Driver/Src/stm32f4xx_hal_flash.c.obj
LOAD CMakeFiles/can-test.elf.dir/Drivers/STM32F4xx_HAL_Driver/Src/stm32f4xx_hal_flash_ex.c.obj
LOAD CMakeFiles/can-test.elf.dir/Drivers/STM32F4xx_HAL_Driver/Src/stm32f4xx_hal_flash_ramfunc.c.obj
LOAD CMakeFiles/can-test.elf.dir/Drivers/STM32F4xx_HAL_Driver/Src/stm32f4xx_hal_gpio.c.obj
LOAD CMakeFiles/can-test.elf.dir/Drivers/STM32F4xx_HAL_Driver/Src/stm32f4xx_hal_pwr.c.obj
LOAD CMakeFiles/can-test.elf.dir/Drivers/STM32F4xx_HAL_Driver/Src/stm32f4xx_hal_pwr_ex.c.obj
LOAD CMakeFiles/can-test.elf.dir/Drivers/STM32F4xx_HAL_Driver/Src/stm32f4xx_hal_rcc.c.obj
LOAD CMakeFiles/can-test.elf.dir/Drivers/STM32F4xx_HAL_Driver/Src/stm32f4xx_hal_rcc_ex.c.obj
LOAD CMakeFiles/can-test.elf.dir/Drivers/STM32F4xx_HAL_Driver/Src/stm32f4xx_hal_tim.c.obj
LOAD CMakeFiles/can-test.elf.dir/Drivers/STM32F4xx_HAL_Driver/Src/stm32f4xx_hal_tim_ex.c.obj
START GROUP
LOAD d:/gcc-arm-none-eabi/gcc-arm-none-eabi-10.3-2021.10/bin/../lib/gcc/arm-none-eabi/10.3.1/thumb/v7e-m/nofp\libgcc.a
LOAD d:/gcc-arm-none-eabi/gcc-arm-none-eabi-10.3-2021.10/bin/../lib/gcc/arm-none-eabi/10.3.1/../../../../arm-none-eabi/lib/thumb/v7e-m/nofp\libg.a
LOAD d:/gcc-arm-none-eabi/gcc-arm-none-eabi-10.3-2021.10/bin/../lib/gcc/arm-none-eabi/10.3.1/../../../../arm-none-eabi/lib/thumb/v7e-m/nofp\libc.a
END GROUP
LOAD d:/gcc-arm-none-eabi/gcc-arm-none-eabi-10.3-2021.10/bin/../lib/gcc/arm-none-eabi/10.3.1/thumb/v7e-m/nofp/crtend.o
LOAD d:/gcc-arm-none-eabi/gcc-arm-none-eabi-10.3-2021.10/bin/../lib/gcc/arm-none-eabi/10.3.1/thumb/v7e-m/nofp/crtn.o
                0x20020000                _estack = (ORIGIN (RAM) + LENGTH (RAM))
                0x00000200                _Min_Heap_Size = 0x200
                0x00000400                _Min_Stack_Size = 0x400

.isr_vector     0x08000000      0x1c4
                0x08000000                . = ALIGN (0x4)
 *(.isr_vector)
 .isr_vector    0x08000000      0x1c4 CMakeFiles/can-test.elf.dir/Core/Startup/startup_stm32f446rctx.s.obj
                0x08000000                g_pfnVectors
                0x080001c4                . = ALIGN (0x4)

.text           0x080001c4     0x166c
                0x080001c4                . = ALIGN (0x4)
 *(.text)
 .text          0x080001c4       0x40 d:/gcc-arm-none-eabi/gcc-arm-none-eabi-10.3-2021.10/bin/../lib/gcc/arm-none-eabi/10.3.1/thumb/v7e-m/nofp/crtbegin.o
 .text          0x08000204       0x30 d:/gcc-arm-none-eabi/gcc-arm-none-eabi-10.3-2021.10/bin/../lib/gcc/arm-none-eabi/10.3.1/thumb/v7e-m/nofp\libgcc.a(_aeabi_uldivmod.o)
                0x08000204                __aeabi_uldivmod
 .text          0x08000234      0x2d0 d:/gcc-arm-none-eabi/gcc-arm-none-eabi-10.3-2021.10/bin/../lib/gcc/arm-none-eabi/10.3.1/thumb/v7e-m/nofp\libgcc.a(_udivmoddi4.o)
                0x08000234                __udivmoddi4
 .text          0x08000504        0x4 d:/gcc-arm-none-eabi/gcc-arm-none-eabi-10.3-2021.10/bin/../lib/gcc/arm-none-eabi/10.3.1/thumb/v7e-m/nofp\libgcc.a(_dvmd_tls.o)
                0x08000504                __aeabi_idiv0
                0x08000504                __aeabi_ldiv0
 *(.text*)
 .text.MX_GPIO_Init
                0x08000508       0x94 CMakeFiles/can-test.elf.dir/Core/Src/main.c.obj
 .text.Error_Handler
                0x0800059c        0x4 CMakeFiles/can-test.elf.dir/Core/Src/main.c.obj
                0x0800059c                Error_Handler
 .text.MX_CAN1_Init
                0x080005a0       0x40 CMakeFiles/can-test.elf.dir/Core/Src/main.c.obj
 .text.SystemClock_Config
                0x080005e0       0xa8 CMakeFiles/can-test.elf.dir/Core/Src/main.c.obj
                0x080005e0                SystemClock_Config
 .text.main     0x08000688       0x3c CMakeFiles/can-test.elf.dir/Core/Src/main.c.obj
                0x08000688                main
 .text.HAL_MspInit
                0x080006c4       0x38 CMakeFiles/can-test.elf.dir/Core/Src/stm32f4xx_hal_msp.c.obj
                0x080006c4                HAL_MspInit
 .text.HAL_CAN_MspInit
                0x080006fc       0x80 CMakeFiles/can-test.elf.dir/Core/Src/stm32f4xx_hal_msp.c.obj
                0x080006fc                HAL_CAN_MspInit
 .text.NMI_Handler
                0x0800077c        0x2 CMakeFiles/can-test.elf.dir/Core/Src/stm32f4xx_it.c.obj
                0x0800077c                NMI_Handler
 .text.HardFault_Handler
                0x0800077e        0x2 CMakeFiles/can-test.elf.dir/Core/Src/stm32f4xx_it.c.obj
                0x0800077e                HardFault_Handler
 .text.MemManage_Handler
                0x08000780        0x2 CMakeFiles/can-test.elf.dir/Core/Src/stm32f4xx_it.c.obj
                0x08000780                MemManage_Handler
 .text.BusFault_Handler
                0x08000782        0x2 CMakeFiles/can-test.elf.dir/Core/Src/stm32f4xx_it.c.obj
                0x08000782                BusFault_Handler
 .text.UsageFault_Handler
                0x08000784        0x2 CMakeFiles/can-test.elf.dir/Core/Src/stm32f4xx_it.c.obj
                0x08000784                UsageFault_Handler
 .text.SVC_Handler
                0x08000786        0x2 CMakeFiles/can-test.elf.dir/Core/Src/stm32f4xx_it.c.obj
                0x08000786                SVC_Handler
 .text.DebugMon_Handler
                0x08000788        0x2 CMakeFiles/can-test.elf.dir/Core/Src/stm32f4xx_it.c.obj
                0x08000788                DebugMon_Handler
 .text.PendSV_Handler
                0x0800078a        0x2 CMakeFiles/can-test.elf.dir/Core/Src/stm32f4xx_it.c.obj
                0x0800078a                PendSV_Handler
 .text.SysTick_Handler
                0x0800078c        0x8 CMakeFiles/can-test.elf.dir/Core/Src/stm32f4xx_it.c.obj
                0x0800078c                SysTick_Handler
 .text.CAN1_RX0_IRQHandler
                0x08000794       0x10 CMakeFiles/can-test.elf.dir/Core/Src/stm32f4xx_it.c.obj
                0x08000794                CAN1_RX0_IRQHandler
 .text.SystemInit
                0x080007a4        0x2 CMakeFiles/can-test.elf.dir/Core/Src/system_stm32f4xx.c.obj
                0x080007a4                SystemInit
 *fill*         0x080007a6        0x2 
 .text.Reset_Handler
                0x080007a8       0x50 CMakeFiles/can-test.elf.dir/Core/Startup/startup_stm32f446rctx.s.obj
                0x080007a8                Reset_Handler
 .text.Default_Handler
                0x080007f8        0x2 CMakeFiles/can-test.elf.dir/Core/Startup/startup_stm32f446rctx.s.obj
                0x080007f8                RTC_Alarm_IRQHandler
                0x080007f8                EXTI2_IRQHandler
                0x080007f8                TIM8_CC_IRQHandler
                0x080007f8                FMPI2C1_EV_IRQHandler
                0x080007f8                SPI4_IRQHandler
                0x080007f8                TIM1_CC_IRQHandler
                0x080007f8                DMA2_Stream5_IRQHandler
                0x080007f8                DMA1_Stream5_IRQHandler
                0x080007f8                PVD_IRQHandler
                0x080007f8                SDIO_IRQHandler
                0x080007f8                TAMP_STAMP_IRQHandler
                0x080007f8                CAN2_RX1_IRQHandler
                0x080007f8                EXTI3_IRQHandler
                0x080007f8                TIM8_TRG_COM_TIM14_IRQHandler
                0x080007f8                TIM1_UP_TIM10_IRQHandler
                0x080007f8                TIM8_UP_TIM13_IRQHandler
                0x080007f8                I2C3_ER_IRQHandler
                0x080007f8                EXTI0_IRQHandler
                0x080007f8                I2C2_EV_IRQHandler
                0x080007f8                DMA1_Stream2_IRQHandler
                0x080007f8                FPU_IRQHandler
                0x080007f8                OTG_HS_WKUP_IRQHandler
                0x080007f8                CAN2_SCE_IRQHandler
                0x080007f8                DMA2_Stream2_IRQHandler
                0x080007f8                SPI1_IRQHandler
                0x080007f8                TIM6_DAC_IRQHandler
                0x080007f8                TIM1_BRK_TIM9_IRQHandler
                0x080007f8                DCMI_IRQHandler
                0x080007f8                CAN2_RX0_IRQHandler
                0x080007f8                DMA2_Stream3_IRQHandler
                0x080007f8                SAI2_IRQHandler
                0x080007f8                USART6_IRQHandler
                0x080007f8                USART3_IRQHandler
                0x080007f8                CAN1_RX1_IRQHandler
                0x080007f8                UART5_IRQHandler
                0x080007f8                DMA2_Stream0_IRQHandler
                0x080007f8                TIM4_IRQHandler
                0x080007f8                QUADSPI_IRQHandler
                0x080007f8                I2C1_EV_IRQHandler
                0x080007f8                DMA1_Stream6_IRQHandler
                0x080007f8                DMA1_Stream1_IRQHandler
                0x080007f8                UART4_IRQHandler
                0x080007f8                TIM3_IRQHandler
                0x080007f8                RCC_IRQHandler
                0x080007f8                TIM8_BRK_TIM12_IRQHandler
                0x080007f8                Default_Handler
                0x080007f8                CEC_IRQHandler
                0x080007f8                EXTI15_10_IRQHandler
                0x080007f8                ADC_IRQHandler
                0x080007f8                DMA1_Stream7_IRQHandler
                0x080007f8                TIM7_IRQHandler
                0x080007f8                CAN2_TX_IRQHandler
                0x080007f8                TIM5_IRQHandler
                0x080007f8                DMA2_Stream7_IRQHandler
                0x080007f8                I2C3_EV_IRQHandler
                0x080007f8                EXTI9_5_IRQHandler
                0x080007f8                RTC_WKUP_IRQHandler
                0x080007f8                SPDIF_RX_IRQHandler
                0x080007f8                SPI2_IRQHandler
                0x080007f8                OTG_HS_EP1_IN_IRQHandler
                0x080007f8                DMA1_Stream0_IRQHandler
                0x080007f8                CAN1_TX_IRQHandler
                0x080007f8                FMPI2C1_ER_IRQHandler
                0x080007f8                EXTI4_IRQHandler
                0x080007f8                OTG_HS_EP1_OUT_IRQHandler
                0x080007f8                WWDG_IRQHandler
                0x080007f8                TIM2_IRQHandler
                0x080007f8                OTG_FS_WKUP_IRQHandler
                0x080007f8                TIM1_TRG_COM_TIM11_IRQHandler
                0x080007f8                OTG_HS_IRQHandler
                0x080007f8                EXTI1_IRQHandler
                0x080007f8                USART2_IRQHandler
                0x080007f8                I2C2_ER_IRQHandler
                0x080007f8                DMA2_Stream1_IRQHandler
                0x080007f8                CAN1_SCE_IRQHandler
                0x080007f8                FLASH_IRQHandler
                0x080007f8                DMA2_Stream4_IRQHandler
                0x080007f8                USART1_IRQHandler
                0x080007f8                OTG_FS_IRQHandler
                0x080007f8                SPI3_IRQHandler
                0x080007f8                DMA1_Stream4_IRQHandler
                0x080007f8                I2C1_ER_IRQHandler
                0x080007f8                FMC_IRQHandler
                0x080007f8                DMA2_Stream6_IRQHandler
                0x080007f8                SAI1_IRQHandler
                0x080007f8                DMA1_Stream3_IRQHandler
 *fill*         0x080007fa        0x2 
 .text.HAL_InitTick
                0x080007fc       0x4c CMakeFiles/can-test.elf.dir/Drivers/STM32F4xx_HAL_Driver/Src/stm32f4xx_hal.c.obj
                0x080007fc                HAL_InitTick
 .text.HAL_Init
                0x08000848       0x34 CMakeFiles/can-test.elf.dir/Drivers/STM32F4xx_HAL_Driver/Src/stm32f4xx_hal.c.obj
                0x08000848                HAL_Init
 .text.HAL_IncTick
                0x0800087c       0x18 CMakeFiles/can-test.elf.dir/Drivers/STM32F4xx_HAL_Driver/Src/stm32f4xx_hal.c.obj
                0x0800087c                HAL_IncTick
 .text.HAL_GetTick
                0x08000894        0xc CMakeFiles/can-test.elf.dir/Drivers/STM32F4xx_HAL_Driver/Src/stm32f4xx_hal.c.obj
                0x08000894                HAL_GetTick
 .text.HAL_Delay
                0x080008a0       0x28 CMakeFiles/can-test.elf.dir/Drivers/STM32F4xx_HAL_Driver/Src/stm32f4xx_hal.c.obj
                0x080008a0                HAL_Delay
 .text.HAL_CAN_Init
                0x080008c8      0x14c CMakeFiles/can-test.elf.dir/Drivers/STM32F4xx_HAL_Driver/Src/stm32f4xx_hal_can.c.obj
                0x080008c8                HAL_CAN_Init
 .text.HAL_CAN_TxMailbox0CompleteCallback
                0x08000a14        0x2 CMakeFiles/can-test.elf.dir/Drivers/STM32F4xx_HAL_Driver/Src/stm32f4xx_hal_can.c.obj
                0x08000a14                HAL_CAN_TxMailbox0CompleteCallback
 .text.HAL_CAN_TxMailbox1CompleteCallback
                0x08000a16        0x2 CMakeFiles/can-test.elf.dir/Drivers/STM32F4xx_HAL_Driver/Src/stm32f4xx_hal_can.c.obj
                0x08000a16                HAL_CAN_TxMailbox1CompleteCallback
 .text.HAL_CAN_TxMailbox2CompleteCallback
                0x08000a18        0x2 CMakeFiles/can-test.elf.dir/Drivers/STM32F4xx_HAL_Driver/Src/stm32f4xx_hal_can.c.obj
                0x08000a18                HAL_CAN_TxMailbox2CompleteCallback
 .text.HAL_CAN_TxMailbox0AbortCallback
                0x08000a1a        0x2 CMakeFiles/can-test.elf.dir/Drivers/STM32F4xx_HAL_Driver/Src/stm32f4xx_hal_can.c.obj
                0x08000a1a                HAL_CAN_TxMailbox0AbortCallback
 .text.HAL_CAN_TxMailbox1AbortCallback
                0x08000a1c        0x2 CMakeFiles/can-test.elf.dir/Drivers/STM32F4xx_HAL_Driver/Src/stm32f4xx_hal_can.c.obj
                0x08000a1c                HAL_CAN_TxMailbox1AbortCallback
 .text.HAL_CAN_TxMailbox2AbortCallback
                0x08000a1e        0x2 CMakeFiles/can-test.elf.dir/Drivers/STM32F4xx_HAL_Driver/Src/stm32f4xx_hal_can.c.obj
                0x08000a1e                HAL_CAN_TxMailbox2AbortCallback
 .text.HAL_CAN_RxFifo0MsgPendingCallback
                0x08000a20        0x2 CMakeFiles/can-test.elf.dir/Drivers/STM32F4xx_HAL_Driver/Src/stm32f4xx_hal_can.c.obj
                0x08000a20                HAL_CAN_RxFifo0MsgPendingCallback
 .text.HAL_CAN_RxFifo0FullCallback
                0x08000a22        0x2 CMakeFiles/can-test.elf.dir/Drivers/STM32F4xx_HAL_Driver/Src/stm32f4xx_hal_can.c.obj
                0x08000a22                HAL_CAN_RxFifo0FullCallback
 .text.HAL_CAN_RxFifo1MsgPendingCallback
                0x08000a24        0x2 CMakeFiles/can-test.elf.dir/Drivers/STM32F4xx_HAL_Driver/Src/stm32f4xx_hal_can.c.obj
                0x08000a24                HAL_CAN_RxFifo1MsgPendingCallback
 .text.HAL_CAN_RxFifo1FullCallback
                0x08000a26        0x2 CMakeFiles/can-test.elf.dir/Drivers/STM32F4xx_HAL_Driver/Src/stm32f4xx_hal_can.c.obj
                0x08000a26                HAL_CAN_RxFifo1FullCallback
 .text.HAL_CAN_SleepCallback
                0x08000a28        0x2 CMakeFiles/can-test.elf.dir/Drivers/STM32F4xx_HAL_Driver/Src/stm32f4xx_hal_can.c.obj
                0x08000a28                HAL_CAN_SleepCallback
 .text.HAL_CAN_WakeUpFromRxMsgCallback
                0x08000a2a        0x2 CMakeFiles/can-test.elf.dir/Drivers/STM32F4xx_HAL_Driver/Src/stm32f4xx_hal_can.c.obj
                0x08000a2a                HAL_CAN_WakeUpFromRxMsgCallback
 .text.HAL_CAN_ErrorCallback
                0x08000a2c        0x2 CMakeFiles/can-test.elf.dir/Drivers/STM32F4xx_HAL_Driver/Src/stm32f4xx_hal_can.c.obj
                0x08000a2c                HAL_CAN_ErrorCallback
 .text.HAL_CAN_IRQHandler
                0x08000a2e      0x24a CMakeFiles/can-test.elf.dir/Drivers/STM32F4xx_HAL_Driver/Src/stm32f4xx_hal_can.c.obj
                0x08000a2e                HAL_CAN_IRQHandler
 .text.HAL_NVIC_SetPriorityGrouping
                0x08000c78       0x24 CMakeFiles/can-test.elf.dir/Drivers/STM32F4xx_HAL_Driver/Src/stm32f4xx_hal_cortex.c.obj
                0x08000c78                HAL_NVIC_SetPriorityGrouping
 .text.HAL_NVIC_SetPriority
                0x08000c9c       0x70 CMakeFiles/can-test.elf.dir/Drivers/STM32F4xx_HAL_Driver/Src/stm32f4xx_hal_cortex.c.obj
                0x08000c9c                HAL_NVIC_SetPriority
 .text.HAL_NVIC_EnableIRQ
                0x08000d0c       0x1c CMakeFiles/can-test.elf.dir/Drivers/STM32F4xx_HAL_Driver/Src/stm32f4xx_hal_cortex.c.obj
                0x08000d0c                HAL_NVIC_EnableIRQ
 .text.HAL_SYSTICK_Config
                0x08000d28       0x28 CMakeFiles/can-test.elf.dir/Drivers/STM32F4xx_HAL_Driver/Src/stm32f4xx_hal_cortex.c.obj
                0x08000d28                HAL_SYSTICK_Config
 .text.HAL_GPIO_Init
                0x08000d50      0x1d8 CMakeFiles/can-test.elf.dir/Drivers/STM32F4xx_HAL_Driver/Src/stm32f4xx_hal_gpio.c.obj
                0x08000d50                HAL_GPIO_Init
 .text.HAL_GPIO_WritePin
                0x08000f28        0xc CMakeFiles/can-test.elf.dir/Drivers/STM32F4xx_HAL_Driver/Src/stm32f4xx_hal_gpio.c.obj
                0x08000f28                HAL_GPIO_WritePin
 .text.HAL_RCC_ClockConfig
                0x08000f34      0x160 CMakeFiles/can-test.elf.dir/Drivers/STM32F4xx_HAL_Driver/Src/stm32f4xx_hal_rcc.c.obj
                0x08000f34                HAL_RCC_ClockConfig
 .text.HAL_RCC_GetSysClockFreq
                0x08001094      0x174 CMakeFiles/can-test.elf.dir/Drivers/STM32F4xx_HAL_Driver/Src/stm32f4xx_hal_rcc_ex.c.obj
                0x08001094                HAL_RCC_GetSysClockFreq
 .text.HAL_RCC_OscConfig
                0x08001208      0x444 CMakeFiles/can-test.elf.dir/Drivers/STM32F4xx_HAL_Driver/Src/stm32f4xx_hal_rcc_ex.c.obj
                0x08001208                HAL_RCC_OscConfig
 .text.__libc_init_array
                0x0800164c       0x48 d:/gcc-arm-none-eabi/gcc-arm-none-eabi-10.3-2021.10/bin/../lib/gcc/arm-none-eabi/10.3.1/../../../../arm-none-eabi/lib/thumb/v7e-m/nofp\libg.a(lib_a-init.o)
                0x0800164c                __libc_init_array
 .text.memset   0x08001694       0xa4 d:/gcc-arm-none-eabi/gcc-arm-none-eabi-10.3-2021.10/bin/../lib/gcc/arm-none-eabi/10.3.1/../../../../arm-none-eabi/lib/thumb/v7e-m/nofp\libg.a(lib_a-memset.o)
                0x08001694                memset
 .text.startup.register_fini
                0x08001738       0x14 d:/gcc-arm-none-eabi/gcc-arm-none-eabi-10.3-2021.10/bin/../lib/gcc/arm-none-eabi/10.3.1/../../../../arm-none-eabi/lib/thumb/v7e-m/nofp\libg.a(lib_a-__call_atexit.o)
 .text.atexit   0x0800174c        0xc d:/gcc-arm-none-eabi/gcc-arm-none-eabi-10.3-2021.10/bin/../lib/gcc/arm-none-eabi/10.3.1/../../../../arm-none-eabi/lib/thumb/v7e-m/nofp\libg.a(lib_a-atexit.o)
                0x0800174c                atexit
 .text.__libc_fini_array
                0x08001758       0x2c d:/gcc-arm-none-eabi/gcc-arm-none-eabi-10.3-2021.10/bin/../lib/gcc/arm-none-eabi/10.3.1/../../../../arm-none-eabi/lib/thumb/v7e-m/nofp\libg.a(lib_a-fini.o)
                0x08001758                __libc_fini_array
 .text.__retarget_lock_acquire_recursive
                0x08001784        0x4 d:/gcc-arm-none-eabi/gcc-arm-none-eabi-10.3-2021.10/bin/../lib/gcc/arm-none-eabi/10.3.1/../../../../arm-none-eabi/lib/thumb/v7e-m/nofp\libg.a(lib_a-lock.o)
                0x08001784                __retarget_lock_acquire_recursive
 .text.__retarget_lock_release_recursive
                0x08001788        0x4 d:/gcc-arm-none-eabi/gcc-arm-none-eabi-10.3-2021.10/bin/../lib/gcc/arm-none-eabi/10.3.1/../../../../arm-none-eabi/lib/thumb/v7e-m/nofp\libg.a(lib_a-lock.o)
                0x08001788                __retarget_lock_release_recursive
 .text.__register_exitproc
                0x0800178c       0x8c d:/gcc-arm-none-eabi/gcc-arm-none-eabi-10.3-2021.10/bin/../lib/gcc/arm-none-eabi/10.3.1/../../../../arm-none-eabi/lib/thumb/v7e-m/nofp\libg.a(lib_a-__atexit.o)
                0x0800178c                __register_exitproc
 *(.glue_7)
 .glue_7        0x08001818        0x0 linker stubs
 *(.glue_7t)
 .glue_7t       0x08001818        0x0 linker stubs
 *(.eh_frame)
 .eh_frame      0x08001818        0x0 d:/gcc-arm-none-eabi/gcc-arm-none-eabi-10.3-2021.10/bin/../lib/gcc/arm-none-eabi/10.3.1/thumb/v7e-m/nofp/crtbegin.o
 *(.init)
 .init          0x08001818        0x4 d:/gcc-arm-none-eabi/gcc-arm-none-eabi-10.3-2021.10/bin/../lib/gcc/arm-none-eabi/10.3.1/thumb/v7e-m/nofp/crti.o
                0x08001818                _init
 .init          0x0800181c        0x8 d:/gcc-arm-none-eabi/gcc-arm-none-eabi-10.3-2021.10/bin/../lib/gcc/arm-none-eabi/10.3.1/thumb/v7e-m/nofp/crtn.o
 *(.fini)
 .fini          0x08001824        0x4 d:/gcc-arm-none-eabi/gcc-arm-none-eabi-10.3-2021.10/bin/../lib/gcc/arm-none-eabi/10.3.1/thumb/v7e-m/nofp/crti.o
                0x08001824                _fini
 .fini          0x08001828        0x8 d:/gcc-arm-none-eabi/gcc-arm-none-eabi-10.3-2021.10/bin/../lib/gcc/arm-none-eabi/10.3.1/thumb/v7e-m/nofp/crtn.o
                0x08001830                . = ALIGN (0x4)
                0x08001830                _etext = .

.vfp11_veneer   0x08001830        0x0
 .vfp11_veneer  0x08001830        0x0 linker stubs

.v4_bx          0x08001830        0x0
 .v4_bx         0x08001830        0x0 linker stubs

.iplt           0x08001830        0x0
 .iplt          0x08001830        0x0 d:/gcc-arm-none-eabi/gcc-arm-none-eabi-10.3-2021.10/bin/../lib/gcc/arm-none-eabi/10.3.1/thumb/v7e-m/nofp/crtbegin.o

.rodata         0x08001830       0x14
                0x08001830                . = ALIGN (0x4)
 *(.rodata)
 *(.rodata*)
 .rodata.AHBPrescTable
                0x08001830       0x10 CMakeFiles/can-test.elf.dir/Core/Src/system_stm32f4xx.c.obj
                0x08001830                AHBPrescTable
 .rodata._global_impure_ptr
                0x08001840        0x4 d:/gcc-arm-none-eabi/gcc-arm-none-eabi-10.3-2021.10/bin/../lib/gcc/arm-none-eabi/10.3.1/../../../../arm-none-eabi/lib/thumb/v7e-m/nofp\libg.a(lib_a-impure.o)
                0x08001840                _global_impure_ptr
                0x08001844                . = ALIGN (0x4)

.ARM.extab      0x08001844        0x0
                0x08001844                . = ALIGN (0x4)
 *(.ARM.extab* .gnu.linkonce.armextab.*)
                0x08001844                . = ALIGN (0x4)

.ARM            0x08001844        0x8
                0x08001844                . = ALIGN (0x4)
                0x08001844                __exidx_start = .
 *(.ARM.exidx*)
 .ARM.exidx     0x08001844        0x8 d:/gcc-arm-none-eabi/gcc-arm-none-eabi-10.3-2021.10/bin/../lib/gcc/arm-none-eabi/10.3.1/thumb/v7e-m/nofp\libgcc.a(_udivmoddi4.o)
                0x0800184c                __exidx_end = .
                0x0800184c                . = ALIGN (0x4)

.rel.dyn        0x0800184c        0x0
 .rel.iplt      0x0800184c        0x0 d:/gcc-arm-none-eabi/gcc-arm-none-eabi-10.3-2021.10/bin/../lib/gcc/arm-none-eabi/10.3.1/thumb/v7e-m/nofp/crtbegin.o

.preinit_array  0x0800184c        0x0
                0x0800184c                . = ALIGN (0x4)
                0x0800184c                PROVIDE (__preinit_array_start = .)
 *(.preinit_array*)
                0x0800184c                PROVIDE (__preinit_array_end = .)
                0x0800184c                . = ALIGN (0x4)

.init_array     0x0800184c        0x8
                0x0800184c                . = ALIGN (0x4)
                0x0800184c                PROVIDE (__init_array_start = .)
 *(SORT_BY_NAME(.init_array.*))
 .init_array.00000
                0x0800184c        0x4 d:/gcc-arm-none-eabi/gcc-arm-none-eabi-10.3-2021.10/bin/../lib/gcc/arm-none-eabi/10.3.1/../../../../arm-none-eabi/lib/thumb/v7e-m/nofp\libg.a(lib_a-__call_atexit.o)
 *(.init_array*)
 .init_array    0x08001850        0x4 d:/gcc-arm-none-eabi/gcc-arm-none-eabi-10.3-2021.10/bin/../lib/gcc/arm-none-eabi/10.3.1/thumb/v7e-m/nofp/crtbegin.o
                0x08001854                PROVIDE (__init_array_end = .)
                0x08001854                . = ALIGN (0x4)

.fini_array     0x08001854        0x4
                0x08001854                . = ALIGN (0x4)
                0x08001854                PROVIDE (__fini_array_start = .)
 *(SORT_BY_NAME(.fini_array.*))
 *(.fini_array*)
 .fini_array    0x08001854        0x4 d:/gcc-arm-none-eabi/gcc-arm-none-eabi-10.3-2021.10/bin/../lib/gcc/arm-none-eabi/10.3.1/thumb/v7e-m/nofp/crtbegin.o
                0x08001858                PROVIDE (__fini_array_end = .)
                0x08001858                . = ALIGN (0x4)
                0x08001858                _sidata = LOADADDR (.data)

.data           0x20000000      0x43c load address 0x08001858
                0x20000000                . = ALIGN (0x4)
                0x20000000                _sdata = .
 *(.data)
 *(.data*)
 .data.SystemCoreClock
                0x20000000        0x4 CMakeFiles/can-test.elf.dir/Core/Src/system_stm32f4xx.c.obj
                0x20000000                SystemCoreClock
 .data.uwTickFreq
                0x20000004        0x1 CMakeFiles/can-test.elf.dir/Drivers/STM32F4xx_HAL_Driver/Src/stm32f4xx_hal.c.obj
                0x20000004                uwTickFreq
 *fill*         0x20000005        0x3 
 .data.uwTickPrio
                0x20000008        0x4 CMakeFiles/can-test.elf.dir/Drivers/STM32F4xx_HAL_Driver/Src/stm32f4xx_hal.c.obj
                0x20000008                uwTickPrio
 *fill*         0x2000000c        0x4 
 .data.impure_data
                0x20000010      0x428 d:/gcc-arm-none-eabi/gcc-arm-none-eabi-10.3-2021.10/bin/../lib/gcc/arm-none-eabi/10.3.1/../../../../arm-none-eabi/lib/thumb/v7e-m/nofp\libg.a(lib_a-impure.o)
 .data.__atexit_recursive_mutex
                0x20000438        0x4 d:/gcc-arm-none-eabi/gcc-arm-none-eabi-10.3-2021.10/bin/../lib/gcc/arm-none-eabi/10.3.1/../../../../arm-none-eabi/lib/thumb/v7e-m/nofp\libg.a(lib_a-__call_atexit.o)
                0x20000438                __atexit_recursive_mutex
 *(.RamFunc)
 *(.RamFunc*)
                0x2000043c                . = ALIGN (0x4)
                0x2000043c                _edata = .

.igot.plt       0x2000043c        0x0 load address 0x08001c94
 .igot.plt      0x2000043c        0x0 d:/gcc-arm-none-eabi/gcc-arm-none-eabi-10.3-2021.10/bin/../lib/gcc/arm-none-eabi/10.3.1/thumb/v7e-m/nofp/crtbegin.o
                0x2000043c                . = ALIGN (0x4)

.bss            0x2000043c       0x4c load address 0x08001c94
                0x2000043c                _sbss = .
                0x2000043c                __bss_start__ = _sbss
 *(.bss)
 .bss           0x2000043c       0x1c d:/gcc-arm-none-eabi/gcc-arm-none-eabi-10.3-2021.10/bin/../lib/gcc/arm-none-eabi/10.3.1/thumb/v7e-m/nofp/crtbegin.o
 *(.bss*)
 .bss.hcan1     0x20000458       0x28 CMakeFiles/can-test.elf.dir/Core/Src/main.c.obj
                0x20000458                hcan1
 .bss.uwTick    0x20000480        0x4 CMakeFiles/can-test.elf.dir/Drivers/STM32F4xx_HAL_Driver/Src/stm32f4xx_hal.c.obj
                0x20000480                uwTick
 .bss.__lock___atexit_recursive_mutex
                0x20000484        0x1 d:/gcc-arm-none-eabi/gcc-arm-none-eabi-10.3-2021.10/bin/../lib/gcc/arm-none-eabi/10.3.1/../../../../arm-none-eabi/lib/thumb/v7e-m/nofp\libg.a(lib_a-lock.o)
                0x20000484                __lock___atexit_recursive_mutex
 *(COMMON)
                0x20000488                . = ALIGN (0x4)
 *fill*         0x20000485        0x3 
                0x20000488                _ebss = .
                0x20000488                __bss_end__ = _ebss

._user_heap_stack
                0x20000488      0x600 load address 0x08001c94
                0x20000488                . = ALIGN (0x8)
                [!provide]                PROVIDE (end = .)
                0x20000488                PROVIDE (_end = .)
                0x20000688                . = (. + _Min_Heap_Size)
 *fill*         0x20000488      0x200 
                0x20000a88                . = (. + _Min_Stack_Size)
 *fill*         0x20000688      0x400 
                0x20000a88                . = ALIGN (0x8)

/DISCARD/
 libc.a(*)
 libm.a(*)
 libgcc.a(*)

.ARM.attributes
                0x00000000       0x2a
 *(.ARM.attributes)
 .ARM.attributes
                0x00000000       0x1e d:/gcc-arm-none-eabi/gcc-arm-none-eabi-10.3-2021.10/bin/../lib/gcc/arm-none-eabi/10.3.1/thumb/v7e-m/nofp/crti.o
 .ARM.attributes
                0x0000001e       0x2e d:/gcc-arm-none-eabi/gcc-arm-none-eabi-10.3-2021.10/bin/../lib/gcc/arm-none-eabi/10.3.1/thumb/v7e-m/nofp/crtbegin.o
 .ARM.attributes
                0x0000004c       0x2e CMakeFiles/can-test.elf.dir/Core/Src/main.c.obj
 .ARM.attributes
                0x0000007a       0x2e CMakeFiles/can-test.elf.dir/Core/Src/stm32f4xx_hal_msp.c.obj
 .ARM.attributes
                0x000000a8       0x2e CMakeFiles/can-test.elf.dir/Core/Src/stm32f4xx_it.c.obj
 .ARM.attributes
                0x000000d6       0x2e CMakeFiles/can-test.elf.dir/Core/Src/system_stm32f4xx.c.obj
 .ARM.attributes
                0x00000104       0x21 CMakeFiles/can-test.elf.dir/Core/Startup/startup_stm32f446rctx.s.obj
 .ARM.attributes
                0x00000125       0x2e CMakeFiles/can-test.elf.dir/Drivers/STM32F4xx_HAL_Driver/Src/stm32f4xx_hal.c.obj
 .ARM.attributes
                0x00000153       0x2e CMakeFiles/can-test.elf.dir/Drivers/STM32F4xx_HAL_Driver/Src/stm32f4xx_hal_can.c.obj
 .ARM.attributes
                0x00000181       0x2e CMakeFiles/can-test.elf.dir/Drivers/STM32F4xx_HAL_Driver/Src/stm32f4xx_hal_cortex.c.obj
 .ARM.attributes
                0x000001af       0x2e CMakeFiles/can-test.elf.dir/Drivers/STM32F4xx_HAL_Driver/Src/stm32f4xx_hal_gpio.c.obj
 .ARM.attributes
                0x000001dd       0x2e CMakeFiles/can-test.elf.dir/Drivers/STM32F4xx_HAL_Driver/Src/stm32f4xx_hal_rcc.c.obj
 .ARM.attributes
                0x0000020b       0x2e CMakeFiles/can-test.elf.dir/Drivers/STM32F4xx_HAL_Driver/Src/stm32f4xx_hal_rcc_ex.c.obj
 .ARM.attributes
                0x00000239       0x1e d:/gcc-arm-none-eabi/gcc-arm-none-eabi-10.3-2021.10/bin/../lib/gcc/arm-none-eabi/10.3.1/thumb/v7e-m/nofp\libgcc.a(_aeabi_uldivmod.o)
 .ARM.attributes
                0x00000257       0x2e d:/gcc-arm-none-eabi/gcc-arm-none-eabi-10.3-2021.10/bin/../lib/gcc/arm-none-eabi/10.3.1/thumb/v7e-m/nofp\libgcc.a(_udivmoddi4.o)
 .ARM.attributes
                0x00000285       0x1e d:/gcc-arm-none-eabi/gcc-arm-none-eabi-10.3-2021.10/bin/../lib/gcc/arm-none-eabi/10.3.1/thumb/v7e-m/nofp\libgcc.a(_dvmd_tls.o)
 .ARM.attributes
                0x000002a3       0x2e d:/gcc-arm-none-eabi/gcc-arm-none-eabi-10.3-2021.10/bin/../lib/gcc/arm-none-eabi/10.3.1/../../../../arm-none-eabi/lib/thumb/v7e-m/nofp\libg.a(lib_a-impure.o)
 .ARM.attributes
                0x000002d1       0x2e d:/gcc-arm-none-eabi/gcc-arm-none-eabi-10.3-2021.10/bin/../lib/gcc/arm-none-eabi/10.3.1/../../../../arm-none-eabi/lib/thumb/v7e-m/nofp\libg.a(lib_a-init.o)
 .ARM.attributes
                0x000002ff       0x2e d:/gcc-arm-none-eabi/gcc-arm-none-eabi-10.3-2021.10/bin/../lib/gcc/arm-none-eabi/10.3.1/../../../../arm-none-eabi/lib/thumb/v7e-m/nofp\libg.a(lib_a-memset.o)
 .ARM.attributes
                0x0000032d       0x2e d:/gcc-arm-none-eabi/gcc-arm-none-eabi-10.3-2021.10/bin/../lib/gcc/arm-none-eabi/10.3.1/../../../../arm-none-eabi/lib/thumb/v7e-m/nofp\libg.a(lib_a-__call_atexit.o)
 .ARM.attributes
                0x0000035b       0x2e d:/gcc-arm-none-eabi/gcc-arm-none-eabi-10.3-2021.10/bin/../lib/gcc/arm-none-eabi/10.3.1/../../../../arm-none-eabi/lib/thumb/v7e-m/nofp\libg.a(lib_a-atexit.o)
 .ARM.attributes
                0x00000389       0x2e d:/gcc-arm-none-eabi/gcc-arm-none-eabi-10.3-2021.10/bin/../lib/gcc/arm-none-eabi/10.3.1/../../../../arm-none-eabi/lib/thumb/v7e-m/nofp\libg.a(lib_a-fini.o)
 .ARM.attributes
                0x000003b7       0x2e d:/gcc-arm-none-eabi/gcc-arm-none-eabi-10.3-2021.10/bin/../lib/gcc/arm-none-eabi/10.3.1/../../../../arm-none-eabi/lib/thumb/v7e-m/nofp\libg.a(lib_a-lock.o)
 .ARM.attributes
                0x000003e5       0x2e d:/gcc-arm-none-eabi/gcc-arm-none-eabi-10.3-2021.10/bin/../lib/gcc/arm-none-eabi/10.3.1/../../../../arm-none-eabi/lib/thumb/v7e-m/nofp\libg.a(lib_a-__atexit.o)
 .ARM.attributes
                0x00000413       0x1e d:/gcc-arm-none-eabi/gcc-arm-none-eabi-10.3-2021.10/bin/../lib/gcc/arm-none-eabi/10.3.1/thumb/v7e-m/nofp/crtn.o
OUTPUT(can-test.elf elf32-littlearm)
LOAD linker stubs
LOAD d:/gcc-arm-none-eabi/gcc-arm-none-eabi-10.3-2021.10/bin/../lib/gcc/arm-none-eabi/10.3.1/../../../../arm-none-eabi/lib/thumb/v7e-m/nofp\libc.a
LOAD d:/gcc-arm-none-eabi/gcc-arm-none-eabi-10.3-2021.10/bin/../lib/gcc/arm-none-eabi/10.3.1/../../../../arm-none-eabi/lib/thumb/v7e-m/nofp\libm.a
LOAD d:/gcc-arm-none-eabi/gcc-arm-none-eabi-10.3-2021.10/bin/../lib/gcc/arm-none-eabi/10.3.1/thumb/v7e-m/nofp\libgcc.a

.debug_info     0x00000000     0x6ed5
 .debug_info    0x00000000      0xc73 CMakeFiles/can-test.elf.dir/Core/Src/main.c.obj
 .debug_info    0x00000c73      0xb90 CMakeFiles/can-test.elf.dir/Core/Src/stm32f4xx_hal_msp.c.obj
 .debug_info    0x00001803      0x564 CMakeFiles/can-test.elf.dir/Core/Src/stm32f4xx_it.c.obj
 .debug_info    0x00001d67      0x3b5 CMakeFiles/can-test.elf.dir/Core/Src/system_stm32f4xx.c.obj
 .debug_info    0x0000211c       0x22 CMakeFiles/can-test.elf.dir/Core/Startup/startup_stm32f446rctx.s.obj
 .debug_info    0x0000213e      0xa46 CMakeFiles/can-test.elf.dir/Drivers/STM32F4xx_HAL_Driver/Src/stm32f4xx_hal.c.obj
 .debug_info    0x00002b84     0x126c CMakeFiles/can-test.elf.dir/Drivers/STM32F4xx_HAL_Driver/Src/stm32f4xx_hal_can.c.obj
 .debug_info    0x00003df0     0x10b6 CMakeFiles/can-test.elf.dir/Drivers/STM32F4xx_HAL_Driver/Src/stm32f4xx_hal_cortex.c.obj
 .debug_info    0x00004ea6      0x804 CMakeFiles/can-test.elf.dir/Drivers/STM32F4xx_HAL_Driver/Src/stm32f4xx_hal_gpio.c.obj
 .debug_info    0x000056aa      0xb48 CMakeFiles/can-test.elf.dir/Drivers/STM32F4xx_HAL_Driver/Src/stm32f4xx_hal_rcc.c.obj
 .debug_info    0x000061f2      0xce3 CMakeFiles/can-test.elf.dir/Drivers/STM32F4xx_HAL_Driver/Src/stm32f4xx_hal_rcc_ex.c.obj

.debug_abbrev   0x00000000     0x153a
 .debug_abbrev  0x00000000      0x23a CMakeFiles/can-test.elf.dir/Core/Src/main.c.obj
 .debug_abbrev  0x0000023a      0x1d2 CMakeFiles/can-test.elf.dir/Core/Src/stm32f4xx_hal_msp.c.obj
 .debug_abbrev  0x0000040c      0x195 CMakeFiles/can-test.elf.dir/Core/Src/stm32f4xx_it.c.obj
 .debug_abbrev  0x000005a1      0x119 CMakeFiles/can-test.elf.dir/Core/Src/system_stm32f4xx.c.obj
 .debug_abbrev  0x000006ba       0x12 CMakeFiles/can-test.elf.dir/Core/Startup/startup_stm32f446rctx.s.obj
 .debug_abbrev  0x000006cc      0x206 CMakeFiles/can-test.elf.dir/Drivers/STM32F4xx_HAL_Driver/Src/stm32f4xx_hal.c.obj
 .debug_abbrev  0x000008d2      0x267 CMakeFiles/can-test.elf.dir/Drivers/STM32F4xx_HAL_Driver/Src/stm32f4xx_hal_can.c.obj
 .debug_abbrev  0x00000b39      0x36a CMakeFiles/can-test.elf.dir/Drivers/STM32F4xx_HAL_Driver/Src/stm32f4xx_hal_cortex.c.obj
 .debug_abbrev  0x00000ea3      0x1ef CMakeFiles/can-test.elf.dir/Drivers/STM32F4xx_HAL_Driver/Src/stm32f4xx_hal_gpio.c.obj
 .debug_abbrev  0x00001092      0x28a CMakeFiles/can-test.elf.dir/Drivers/STM32F4xx_HAL_Driver/Src/stm32f4xx_hal_rcc.c.obj
 .debug_abbrev  0x0000131c      0x21e CMakeFiles/can-test.elf.dir/Drivers/STM32F4xx_HAL_Driver/Src/stm32f4xx_hal_rcc_ex.c.obj

.debug_aranges  0x00000000      0x550
 .debug_aranges
                0x00000000       0x40 CMakeFiles/can-test.elf.dir/Core/Src/main.c.obj
 .debug_aranges
                0x00000040       0x30 CMakeFiles/can-test.elf.dir/Core/Src/stm32f4xx_hal_msp.c.obj
 .debug_aranges
                0x00000070       0x68 CMakeFiles/can-test.elf.dir/Core/Src/stm32f4xx_it.c.obj
 .debug_aranges
                0x000000d8       0x28 CMakeFiles/can-test.elf.dir/Core/Src/system_stm32f4xx.c.obj
 .debug_aranges
                0x00000100       0x28 CMakeFiles/can-test.elf.dir/Core/Startup/startup_stm32f446rctx.s.obj
 .debug_aranges
                0x00000128       0xf0 CMakeFiles/can-test.elf.dir/Drivers/STM32F4xx_HAL_Driver/Src/stm32f4xx_hal.c.obj
 .debug_aranges
                0x00000218      0x138 CMakeFiles/can-test.elf.dir/Drivers/STM32F4xx_HAL_Driver/Src/stm32f4xx_hal_can.c.obj
 .debug_aranges
                0x00000350       0xa8 CMakeFiles/can-test.elf.dir/Drivers/STM32F4xx_HAL_Driver/Src/stm32f4xx_hal_cortex.c.obj
 .debug_aranges
                0x000003f8       0x58 CMakeFiles/can-test.elf.dir/Drivers/STM32F4xx_HAL_Driver/Src/stm32f4xx_hal_gpio.c.obj
 .debug_aranges
                0x00000450       0x88 CMakeFiles/can-test.elf.dir/Drivers/STM32F4xx_HAL_Driver/Src/stm32f4xx_hal_rcc.c.obj
 .debug_aranges
                0x000004d8       0x78 CMakeFiles/can-test.elf.dir/Drivers/STM32F4xx_HAL_Driver/Src/stm32f4xx_hal_rcc_ex.c.obj

.debug_ranges   0x00000000      0x538
 .debug_ranges  0x00000000       0x30 CMakeFiles/can-test.elf.dir/Core/Src/main.c.obj
 .debug_ranges  0x00000030       0x20 CMakeFiles/can-test.elf.dir/Core/Src/stm32f4xx_hal_msp.c.obj
 .debug_ranges  0x00000050       0x58 CMakeFiles/can-test.elf.dir/Core/Src/stm32f4xx_it.c.obj
 .debug_ranges  0x000000a8       0x18 CMakeFiles/can-test.elf.dir/Core/Src/system_stm32f4xx.c.obj
 .debug_ranges  0x000000c0       0x20 CMakeFiles/can-test.elf.dir/Core/Startup/startup_stm32f446rctx.s.obj
 .debug_ranges  0x000000e0       0xe0 CMakeFiles/can-test.elf.dir/Drivers/STM32F4xx_HAL_Driver/Src/stm32f4xx_hal.c.obj
 .debug_ranges  0x000001c0      0x128 CMakeFiles/can-test.elf.dir/Drivers/STM32F4xx_HAL_Driver/Src/stm32f4xx_hal_can.c.obj
 .debug_ranges  0x000002e8       0xf8 CMakeFiles/can-test.elf.dir/Drivers/STM32F4xx_HAL_Driver/Src/stm32f4xx_hal_cortex.c.obj
 .debug_ranges  0x000003e0       0x48 CMakeFiles/can-test.elf.dir/Drivers/STM32F4xx_HAL_Driver/Src/stm32f4xx_hal_gpio.c.obj
 .debug_ranges  0x00000428       0x90 CMakeFiles/can-test.elf.dir/Drivers/STM32F4xx_HAL_Driver/Src/stm32f4xx_hal_rcc.c.obj
 .debug_ranges  0x000004b8       0x80 CMakeFiles/can-test.elf.dir/Drivers/STM32F4xx_HAL_Driver/Src/stm32f4xx_hal_rcc_ex.c.obj

.debug_line     0x00000000     0x53e3
 .debug_line    0x00000000      0x4bb CMakeFiles/can-test.elf.dir/Core/Src/main.c.obj
 .debug_line    0x000004bb      0x2dc CMakeFiles/can-test.elf.dir/Core/Src/stm32f4xx_hal_msp.c.obj
 .debug_line    0x00000797      0x31e CMakeFiles/can-test.elf.dir/Core/Src/stm32f4xx_it.c.obj
 .debug_line    0x00000ab5      0x26d CMakeFiles/can-test.elf.dir/Core/Src/system_stm32f4xx.c.obj
 .debug_line    0x00000d22       0xa9 CMakeFiles/can-test.elf.dir/Core/Startup/startup_stm32f446rctx.s.obj
 .debug_line    0x00000dcb      0x5f7 CMakeFiles/can-test.elf.dir/Drivers/STM32F4xx_HAL_Driver/Src/stm32f4xx_hal.c.obj
 .debug_line    0x000013c2     0x116f CMakeFiles/can-test.elf.dir/Drivers/STM32F4xx_HAL_Driver/Src/stm32f4xx_hal_can.c.obj
 .debug_line    0x00002531      0x80a CMakeFiles/can-test.elf.dir/Drivers/STM32F4xx_HAL_Driver/Src/stm32f4xx_hal_cortex.c.obj
 .debug_line    0x00002d3b      0x745 CMakeFiles/can-test.elf.dir/Drivers/STM32F4xx_HAL_Driver/Src/stm32f4xx_hal_gpio.c.obj
 .debug_line    0x00003480      0xb80 CMakeFiles/can-test.elf.dir/Drivers/STM32F4xx_HAL_Driver/Src/stm32f4xx_hal_rcc.c.obj
 .debug_line    0x00004000     0x13e3 CMakeFiles/can-test.elf.dir/Drivers/STM32F4xx_HAL_Driver/Src/stm32f4xx_hal_rcc_ex.c.obj

.debug_str      0x00000000     0x2387
 .debug_str     0x00000000      0x7a5 CMakeFiles/can-test.elf.dir/Core/Src/main.c.obj
                                0x826 (size before relaxing)
 .debug_str     0x000007a5      0x5d5 CMakeFiles/can-test.elf.dir/Core/Src/stm32f4xx_hal_msp.c.obj
                                0xbbc (size before relaxing)
 .debug_str     0x00000d7a       0xff CMakeFiles/can-test.elf.dir/Core/Src/stm32f4xx_it.c.obj
                                0x54a (size before relaxing)
 .debug_str     0x00000e79       0xa8 CMakeFiles/can-test.elf.dir/Core/Src/system_stm32f4xx.c.obj
                                0x386 (size before relaxing)
 .debug_str     0x00000f21       0x57 CMakeFiles/can-test.elf.dir/Core/Startup/startup_stm32f446rctx.s.obj
                                 0x99 (size before relaxing)
 .debug_str     0x00000f78      0x369 CMakeFiles/can-test.elf.dir/Drivers/STM32F4xx_HAL_Driver/Src/stm32f4xx_hal.c.obj
                                0xc00 (size before relaxing)
 .debug_str     0x000012e1      0x573 CMakeFiles/can-test.elf.dir/Drivers/STM32F4xx_HAL_Driver/Src/stm32f4xx_hal_can.c.obj
                                0xa8b (size before relaxing)
 .debug_str     0x00001854      0x4bd CMakeFiles/can-test.elf.dir/Drivers/STM32F4xx_HAL_Driver/Src/stm32f4xx_hal_cortex.c.obj
                                0xcad (size before relaxing)
 .debug_str     0x00001d11      0x149 CMakeFiles/can-test.elf.dir/Drivers/STM32F4xx_HAL_Driver/Src/stm32f4xx_hal_gpio.c.obj
                                0x545 (size before relaxing)
 .debug_str     0x00001e5a      0x1c5 CMakeFiles/can-test.elf.dir/Drivers/STM32F4xx_HAL_Driver/Src/stm32f4xx_hal_rcc.c.obj
                                0x770 (size before relaxing)
 .debug_str     0x0000201f      0x368 CMakeFiles/can-test.elf.dir/Drivers/STM32F4xx_HAL_Driver/Src/stm32f4xx_hal_rcc_ex.c.obj
                                0x857 (size before relaxing)

.comment        0x00000000       0x49
 .comment       0x00000000       0x49 CMakeFiles/can-test.elf.dir/Core/Src/main.c.obj
                                 0x4a (size before relaxing)
 .comment       0x00000049       0x4a CMakeFiles/can-test.elf.dir/Core/Src/stm32f4xx_hal_msp.c.obj
 .comment       0x00000049       0x4a CMakeFiles/can-test.elf.dir/Core/Src/stm32f4xx_it.c.obj
 .comment       0x00000049       0x4a CMakeFiles/can-test.elf.dir/Core/Src/system_stm32f4xx.c.obj
 .comment       0x00000049       0x4a CMakeFiles/can-test.elf.dir/Drivers/STM32F4xx_HAL_Driver/Src/stm32f4xx_hal.c.obj
 .comment       0x00000049       0x4a CMakeFiles/can-test.elf.dir/Drivers/STM32F4xx_HAL_Driver/Src/stm32f4xx_hal_can.c.obj
 .comment       0x00000049       0x4a CMakeFiles/can-test.elf.dir/Drivers/STM32F4xx_HAL_Driver/Src/stm32f4xx_hal_cortex.c.obj
 .comment       0x00000049       0x4a CMakeFiles/can-test.elf.dir/Drivers/STM32F4xx_HAL_Driver/Src/stm32f4xx_hal_gpio.c.obj
 .comment       0x00000049       0x4a CMakeFiles/can-test.elf.dir/Drivers/STM32F4xx_HAL_Driver/Src/stm32f4xx_hal_rcc.c.obj
 .comment       0x00000049       0x4a CMakeFiles/can-test.elf.dir/Drivers/STM32F4xx_HAL_Driver/Src/stm32f4xx_hal_rcc_ex.c.obj

.debug_frame    0x00000000      0xdc0
 .debug_frame   0x00000000       0x90 CMakeFiles/can-test.elf.dir/Core/Src/main.c.obj
 .debug_frame   0x00000090       0x60 CMakeFiles/can-test.elf.dir/Core/Src/stm32f4xx_hal_msp.c.obj
 .debug_frame   0x000000f0       0xc0 CMakeFiles/can-test.elf.dir/Core/Src/stm32f4xx_it.c.obj
 .debug_frame   0x000001b0       0x30 CMakeFiles/can-test.elf.dir/Core/Src/system_stm32f4xx.c.obj
 .debug_frame   0x000001e0      0x1ec CMakeFiles/can-test.elf.dir/Drivers/STM32F4xx_HAL_Driver/Src/stm32f4xx_hal.c.obj
 .debug_frame   0x000003cc      0x2d0 CMakeFiles/can-test.elf.dir/Drivers/STM32F4xx_HAL_Driver/Src/stm32f4xx_hal_can.c.obj
 .debug_frame   0x0000069c      0x148 CMakeFiles/can-test.elf.dir/Drivers/STM32F4xx_HAL_Driver/Src/stm32f4xx_hal_cortex.c.obj
 .debug_frame   0x000007e4       0xd8 CMakeFiles/can-test.elf.dir/Drivers/STM32F4xx_HAL_Driver/Src/stm32f4xx_hal_gpio.c.obj
 .debug_frame   0x000008bc      0x16c CMakeFiles/can-test.elf.dir/Drivers/STM32F4xx_HAL_Driver/Src/stm32f4xx_hal_rcc.c.obj
 .debug_frame   0x00000a28      0x14c CMakeFiles/can-test.elf.dir/Drivers/STM32F4xx_HAL_Driver/Src/stm32f4xx_hal_rcc_ex.c.obj
 .debug_frame   0x00000b74       0x2c d:/gcc-arm-none-eabi/gcc-arm-none-eabi-10.3-2021.10/bin/../lib/gcc/arm-none-eabi/10.3.1/thumb/v7e-m/nofp\libgcc.a(_aeabi_uldivmod.o)
 .debug_frame   0x00000ba0       0x34 d:/gcc-arm-none-eabi/gcc-arm-none-eabi-10.3-2021.10/bin/../lib/gcc/arm-none-eabi/10.3.1/thumb/v7e-m/nofp\libgcc.a(_udivmoddi4.o)
 .debug_frame   0x00000bd4       0x2c d:/gcc-arm-none-eabi/gcc-arm-none-eabi-10.3-2021.10/bin/../lib/gcc/arm-none-eabi/10.3.1/../../../../arm-none-eabi/lib/thumb/v7e-m/nofp\libg.a(lib_a-init.o)
 .debug_frame   0x00000c00       0x2c d:/gcc-arm-none-eabi/gcc-arm-none-eabi-10.3-2021.10/bin/../lib/gcc/arm-none-eabi/10.3.1/../../../../arm-none-eabi/lib/thumb/v7e-m/nofp\libg.a(lib_a-memset.o)
 .debug_frame   0x00000c2c       0x5c d:/gcc-arm-none-eabi/gcc-arm-none-eabi-10.3-2021.10/bin/../lib/gcc/arm-none-eabi/10.3.1/../../../../arm-none-eabi/lib/thumb/v7e-m/nofp\libg.a(lib_a-__call_atexit.o)
 .debug_frame   0x00000c88       0x20 d:/gcc-arm-none-eabi/gcc-arm-none-eabi-10.3-2021.10/bin/../lib/gcc/arm-none-eabi/10.3.1/../../../../arm-none-eabi/lib/thumb/v7e-m/nofp\libg.a(lib_a-atexit.o)
 .debug_frame   0x00000ca8       0x34 d:/gcc-arm-none-eabi/gcc-arm-none-eabi-10.3-2021.10/bin/../lib/gcc/arm-none-eabi/10.3.1/../../../../arm-none-eabi/lib/thumb/v7e-m/nofp\libg.a(lib_a-fini.o)
 .debug_frame   0x00000cdc       0xb0 d:/gcc-arm-none-eabi/gcc-arm-none-eabi-10.3-2021.10/bin/../lib/gcc/arm-none-eabi/10.3.1/../../../../arm-none-eabi/lib/thumb/v7e-m/nofp\libg.a(lib_a-lock.o)
 .debug_frame   0x00000d8c       0x34 d:/gcc-arm-none-eabi/gcc-arm-none-eabi-10.3-2021.10/bin/../lib/gcc/arm-none-eabi/10.3.1/../../../../arm-none-eabi/lib/thumb/v7e-m/nofp\libg.a(lib_a-__atexit.o)

.debug_loc      0x00000000     0x3189
 .debug_loc     0x00000000       0x84 CMakeFiles/can-test.elf.dir/Core/Src/stm32f4xx_hal_msp.c.obj
 .debug_loc     0x00000084      0x158 CMakeFiles/can-test.elf.dir/Core/Src/system_stm32f4xx.c.obj
 .debug_loc     0x000001dc      0x141 CMakeFiles/can-test.elf.dir/Drivers/STM32F4xx_HAL_Driver/Src/stm32f4xx_hal.c.obj
 .debug_loc     0x0000031d      0xde6 CMakeFiles/can-test.elf.dir/Drivers/STM32F4xx_HAL_Driver/Src/stm32f4xx_hal_can.c.obj
 .debug_loc     0x00001103      0x744 CMakeFiles/can-test.elf.dir/Drivers/STM32F4xx_HAL_Driver/Src/stm32f4xx_hal_cortex.c.obj
 .debug_loc     0x00001847      0x520 CMakeFiles/can-test.elf.dir/Drivers/STM32F4xx_HAL_Driver/Src/stm32f4xx_hal_gpio.c.obj
 .debug_loc     0x00001d67      0x5a8 CMakeFiles/can-test.elf.dir/Drivers/STM32F4xx_HAL_Driver/Src/stm32f4xx_hal_rcc.c.obj
 .debug_loc     0x0000230f      0xe7a CMakeFiles/can-test.elf.dir/Drivers/STM32F4xx_HAL_Driver/Src/stm32f4xx_hal_rcc_ex.c.obj
